BEGIN;
CREATE EXTENSION pg_conda;
SELECT conda_has_local('1.0.0') = FALSE;
 ?column? 
----------
 t
(1 row)

SELECT conda_has_local('1.0.0'::condaversion) = FALSE;
 ?column? 
----------
 t
(1 row)

SELECT conda_has_local('1.0.0+whatever') = TRUE;
 ?column? 
----------
 t
(1 row)

SELECT conda_has_local('1.0.0+whatever'::condaversion) = TRUE;
 ?column? 
----------
 t
(1 row)

ROLLBACK;
