BEGIN;
CREATE EXTENSION pg_conda;
SELECT conda_segments('1.2.3');
 conda_segments 
----------------
 {1,2,3}
(1 row)

SELECT conda_segments('25!1.2.3.dev6+local-3');
 conda_segments  
-----------------
 {1,2,3,0,dev,6}
(1 row)

ROLLBACK;
