-- Test the input function
BEGIN;
CREATE EXTENSION pg_conda;
SELECT '1.2.3'::condaversion;
 condaversion 
--------------
 1.2.3
(1 row)

ROLLBACK;
