BEGIN;
CREATE EXTENSION pg_conda;
CREATE TABLE versions (
    version condaversion
);
INSERT INTO versions(version) VALUES('0.5a1');
INSERT INTO versions(version) VALUES('0.5b3');
INSERT INTO versions(version) VALUES('0.5C1');
INSERT INTO versions(version) VALUES('0.5');
INSERT INTO versions(version) VALUES('0.9.6');
INSERT INTO versions(version) VALUES('0.960923');
INSERT INTO versions(version) VALUES('1.0');
INSERT INTO versions(version) VALUES('1.1dev1');
INSERT INTO versions(version) VALUES('0.4');
INSERT INTO versions(version) VALUES('0.4.0');
INSERT INTO versions(version) VALUES('0.4.1.rc');
INSERT INTO versions(version) VALUES('0.4.1.RC');
INSERT INTO versions(version) VALUES('0.4.1');
INSERT INTO versions(version) VALUES('1.1_');
INSERT INTO versions(version) VALUES('1.1a1');
INSERT INTO versions(version) VALUES('1.1.0dev1');
INSERT INTO versions(version) VALUES('1.1.dev1');
INSERT INTO versions(version) VALUES('1.1.a1');
INSERT INTO versions(version) VALUES('1.1.0rc1');
INSERT INTO versions(version) VALUES('1.1.0');
INSERT INTO versions(version) VALUES('1.1');
INSERT INTO versions(version) VALUES('1.1.0post1');
INSERT INTO versions(version) VALUES('1.1.post1');
INSERT INTO versions(version) VALUES('1.1post1');
INSERT INTO versions(version) VALUES('1996.07.12');
INSERT INTO versions(version) VALUES('1!0.4.1');
INSERT INTO versions(version) VALUES('1!3.1.1.6');
INSERT INTO versions(version) VALUES('2!0.4.1');
SELECT version FROM versions ORDER BY version;
  version   
------------
 0.4
 0.4.0
 0.4.1.RC
 0.4.1.rc
 0.4.1
 0.5a1
 0.5b3
 0.5C1
 0.5
 0.9.6
 0.960923
 1.0
 1.1dev1
 1.1_
 1.1a1
 1.1.0dev1
 1.1.dev1
 1.1.a1
 1.1.0rc1
 1.1
 1.1.0
 1.1.0post1
 1.1.post1
 1.1post1
 1996.07.12
 1!0.4.1
 1!3.1.1.6
 2!0.4.1
(28 rows)

ROLLBACK;
