BEGIN;
CREATE EXTENSION pg_conda;
SELECT NULL::condaversion;
 condaversion 
--------------
 
(1 row)

ROLLBACK;
